> Task :app:preBuild UP-TO-DATE
> Task :app:preDebugBuild UP-TO-DATE
> Task :app:generateDebugResources UP-TO-DATE
> Task :app:processDebugGoogleServices UP-TO-DATE
> Task :app:packageDebugResources UP-TO-DATE
> Task :app:processDebugNavigationResources UP-TO-DATE
> Task :app:parseDebugLocalResources UP-TO-DATE
> Task :app:generateDebugRFile UP-TO-DATE

> Task :app:compileDebugKotlin FAILED
.\gradlew : e: file:///C:/Users/marka/AndroidStudioProjects/SafeKo/app/src/main
/java/com/example/safeko/ui/screens/HomeScreen.kt:6643:17 'when' expression 
must be exhaustive. Add the 'is Success' branch or an 'else' branch.
At line:1 char:1
+ .\gradlew compileDebugKotlin 2>&1 > build_error.log; cat build_error. ...
+ ~~~~~~~~~~~~~~~~~~~~~~~~~~~~~~~~~~~~~~~~~~~~~~~~~~~
    + CategoryInfo          : NotSpecified: (e: file:///C:/U... 'else' branch. 
   :String) [], RemoteException
    + FullyQualifiedErrorId : NativeCommandError
 
e: file:///C:/Users/marka/AndroidStudioProjects/SafeKo/app/src/main/java/com/ex
ample/safeko/ui/screens/HomeScreen.kt:6646:38 Classifier 'data class Success : 
LguApprovalState' does not have a companion object, so it cannot be used as an 
expression.
e: file:///C:/Users/marka/AndroidStudioProjects/SafeKo/app/src/main/java/com/ex
ample/safeko/ui/screens/HomeScreen.kt:6658:21 'when' expression must be 
exhaustive. Add the 'is Success' branch or an 'else' branch.
e: file:///C:/Users/marka/AndroidStudioProjects/SafeKo/app/src/main/java/com/ex
ample/safeko/ui/screens/HomeScreen.kt:6689:42 Classifier 'data class Success : 
LguApprovalState' does not have a companion object, so it cannot be used as an 
expression.

FAILURE: Build failed with an exception.

* What went wrong:
Execution failed for task ':app:compileDebugKotlin'.
> A failure occurred while executing org.jetbrains.kotlin.compilerRunner.Gradle
CompilerRunnerWithWorkers$GradleKotlinCompilerWorkAction
   > Compilation error. See log for more details

* Try:
> Run with --stacktrace option to get the stack trace.
> Run with --info or --debug option to get more log output.
> Run with --scan to generate a Build Scan (Powered by Develocity).
> Get more help at https://help.gradle.org.

BUILD FAILED in 9s
7 actionable tasks: 1 executed, 6 up-to-date
